---
source: crates/flowscope-core/tests/snapshots.rs
expression: clean_result
---
{
  "statements": [
    {
      "statementIndex": 0,
      "statementType": "SELECT",
      "joinCount": 1,
      "complexityScore": 28
    }
  ],
  "nodes": [
    {
      "id": "column_1f95f87efeb20682",
      "type": "column",
      "label": "KEY",
      "canonicalName": {
        "name": "KEY"
      },
      "statementIds": [
        0
      ]
    },
    {
      "id": "column_268ea64f9e076ed3",
      "type": "column",
      "label": "cool_ids",
      "qualifiedName": "B.cool_ids",
      "canonicalName": {
        "schema": "B",
        "name": "cool_ids"
      },
      "statementIds": [
        0
      ]
    },
    {
      "id": "column_2f1758652518e9a9",
      "type": "column",
      "label": "THIS",
      "canonicalName": {
        "name": "THIS"
      },
      "statementIds": [
        0
      ],
      "expression": "FLATTEN(input => b.cool_ids)"
    },
    {
      "id": "column_4e2ed24f2245005f",
      "type": "column",
      "label": "VALUE",
      "canonicalName": {
        "name": "VALUE"
      },
      "statementIds": [
        0
      ],
      "expression": "FLATTEN(input => b.cool_ids)"
    },
    {
      "id": "column_7bfb651f3214d1d7",
      "type": "column",
      "label": "INDEX",
      "canonicalName": {
        "name": "INDEX"
      },
      "statementIds": [
        0
      ]
    },
    {
      "id": "column_8b8a696c1d07ba23",
      "type": "column",
      "label": "PATH",
      "canonicalName": {
        "name": "PATH"
      },
      "statementIds": [
        0
      ]
    },
    {
      "id": "column_9312b887682fcd76",
      "type": "column",
      "label": "P_ID",
      "canonicalName": {
        "name": "P_ID"
      },
      "statementIds": [
        0
      ]
    },
    {
      "id": "column_c2f34f4bce303b03",
      "type": "column",
      "label": "SEQ",
      "canonicalName": {
        "name": "SEQ"
      },
      "statementIds": [
        0
      ]
    },
    {
      "id": "column_ffa7c99c403f959a",
      "type": "column",
      "label": "NAME",
      "canonicalName": {
        "name": "NAME"
      },
      "statementIds": [
        0
      ]
    },
    {
      "id": "flatten_c1bebf2d8b83f913",
      "type": "cte",
      "label": "FLATTEN",
      "qualifiedName": "FLATTEN",
      "canonicalName": {
        "name": "FLATTEN"
      },
      "statementIds": [
        0
      ]
    },
    {
      "id": "output_74d22f755ec62dbc",
      "type": "output",
      "label": "Output",
      "canonicalName": {
        "name": "Output"
      },
      "statementIds": [
        0
      ]
    },
    {
      "id": "table_14fd3f715fc3ae74",
      "type": "table",
      "label": "B",
      "qualifiedName": "B",
      "canonicalName": {
        "name": "B"
      },
      "statementIds": [
        0
      ],
      "metadata": {
        "occurrenceSourceNames": [
          null
        ],
        "occurrenceSpans": [
          {
            "start": 130,
            "end": 131
          }
        ],
        "occurrenceStatementIds": [
          0
        ]
      }
    },
    {
      "id": "table_dd4853e04f0abbb5",
      "type": "table",
      "label": "A",
      "qualifiedName": "A",
      "canonicalName": {
        "name": "A"
      },
      "statementIds": [
        0
      ],
      "metadata": {
        "occurrenceSourceNames": [
          null
        ],
        "occurrenceSpans": [
          {
            "start": 109,
            "end": 110
          }
        ],
        "occurrenceStatementIds": [
          0
        ]
      }
    }
  ],
  "edges": [
    {
      "id": "edge_01f4f9bc314d367e",
      "from": "flatten_c1bebf2d8b83f913",
      "to": "column_1f95f87efeb20682",
      "type": "ownership",
      "statementIds": [
        0
      ]
    },
    {
      "id": "edge_09d6cf174d070d13",
      "from": "flatten_c1bebf2d8b83f913",
      "to": "column_7bfb651f3214d1d7",
      "type": "ownership",
      "statementIds": [
        0
      ]
    },
    {
      "id": "edge_10b868357df4cc6e",
      "from": "column_4e2ed24f2245005f",
      "to": "column_9312b887682fcd76",
      "type": "data_flow",
      "statementIds": [
        0
      ]
    },
    {
      "id": "edge_338f68a009f32040",
      "from": "flatten_c1bebf2d8b83f913",
      "to": "column_2f1758652518e9a9",
      "type": "ownership",
      "statementIds": [
        0
      ]
    },
    {
      "id": "edge_671cdc7a5a898ccd",
      "from": "output_74d22f755ec62dbc",
      "to": "column_ffa7c99c403f959a",
      "type": "ownership",
      "statementIds": [
        0
      ]
    },
    {
      "id": "edge_6a0a97f0ea1ad2ab",
      "from": "table_14fd3f715fc3ae74",
      "to": "column_268ea64f9e076ed3",
      "type": "ownership",
      "statementIds": [
        0
      ]
    },
    {
      "id": "edge_7823aeb8ad256f9d",
      "from": "column_268ea64f9e076ed3",
      "to": "column_4e2ed24f2245005f",
      "type": "derivation",
      "expression": "FLATTEN(input => b.cool_ids)",
      "joinType": "INNER",
      "joinCondition": "b.c_id = a.c_id",
      "statementIds": [
        0
      ]
    },
    {
      "id": "edge_7f6d7c7173448b60",
      "from": "table_14fd3f715fc3ae74",
      "to": "output_74d22f755ec62dbc",
      "type": "join_dependency",
      "joinType": "INNER",
      "joinCondition": "b.c_id = a.c_id",
      "statementIds": [
        0
      ]
    },
    {
      "id": "edge_8ac209680be08157",
      "from": "flatten_c1bebf2d8b83f913",
      "to": "column_8b8a696c1d07ba23",
      "type": "ownership",
      "statementIds": [
        0
      ]
    },
    {
      "id": "edge_8d1b60030155f6f4",
      "from": "output_74d22f755ec62dbc",
      "to": "column_9312b887682fcd76",
      "type": "ownership",
      "statementIds": [
        0
      ]
    },
    {
      "id": "edge_9c212231bc72c292",
      "from": "flatten_c1bebf2d8b83f913",
      "to": "column_c2f34f4bce303b03",
      "type": "ownership",
      "statementIds": [
        0
      ]
    },
    {
      "id": "edge_a4e289214a89eb54",
      "from": "column_268ea64f9e076ed3",
      "to": "column_2f1758652518e9a9",
      "type": "derivation",
      "expression": "FLATTEN(input => b.cool_ids)",
      "joinType": "INNER",
      "joinCondition": "b.c_id = a.c_id",
      "statementIds": [
        0
      ]
    },
    {
      "id": "edge_cb4d48c39a8c8c26",
      "from": "flatten_c1bebf2d8b83f913",
      "to": "column_4e2ed24f2245005f",
      "type": "ownership",
      "statementIds": [
        0
      ]
    }
  ],
  "issues": [
    {
      "severity": "warning",
      "code": "UNRESOLVED_REFERENCE",
      "message": "Column 'name' is ambiguous across tables in scope: A, B",
      "statementIndex": 0
    }
  ],
  "summary": {
    "statementCount": 1,
    "tableCount": 3,
    "columnCount": 9,
    "joinCount": 1,
    "complexityScore": 28,
    "issueCount": {
      "errors": 0,
      "warnings": 1,
      "infos": 0
    },
    "hasErrors": false
  },
  "resolvedSchema": {
    "tables": [
      {
        "name": "A",
        "columns": [
          {
            "name": "c_id",
            "origin": "implied",
            "foreignKey": {
              "table": "B",
              "column": "c_id"
            }
          }
        ],
        "origin": "implied",
        "sourceStatementIndex": 0,
        "updatedAt": "2024-01-01T00:00:00Z",
        "constraints": [
          {
            "constraintType": "foreign_key",
            "columns": [
              "c_id"
            ],
            "referencedTable": "B",
            "referencedColumns": [
              "c_id"
            ]
          }
        ]
      },
      {
        "name": "B",
        "columns": [
          {
            "name": "c_id",
            "origin": "implied",
            "foreignKey": {
              "table": "A",
              "column": "c_id"
            }
          },
          {
            "name": "cool_ids",
            "origin": "implied"
          }
        ],
        "origin": "implied",
        "sourceStatementIndex": 0,
        "updatedAt": "2024-01-01T00:00:00Z",
        "constraints": [
          {
            "constraintType": "foreign_key",
            "columns": [
              "c_id"
            ],
            "referencedTable": "A",
            "referencedColumns": [
              "c_id"
            ]
          }
        ]
      }
    ]
  }
}
