---
source: crates/flowscope-core/tests/snapshots.rs
expression: clean_result
---
{
  "statements": [
    {
      "statementIndex": 0,
      "statementType": "SELECT",
      "joinCount": 0,
      "complexityScore": 5
    }
  ],
  "nodes": [
    {
      "id": "column_6d76c5c7b69b69cb",
      "type": "column",
      "label": "col_1",
      "canonicalName": {
        "name": "col_1"
      },
      "statementIds": [
        0
      ],
      "expression": "b[:1]"
    },
    {
      "id": "column_7748741d00eb4aa0",
      "type": "column",
      "label": "col_0",
      "canonicalName": {
        "name": "col_0"
      },
      "statementIds": [
        0
      ],
      "expression": "a[:]"
    },
    {
      "id": "column_84c9f50405fdf52c",
      "type": "column",
      "label": "col_2",
      "canonicalName": {
        "name": "col_2"
      },
      "statementIds": [
        0
      ],
      "expression": "c[2:]"
    },
    {
      "id": "column_95b826196d892dac",
      "type": "column",
      "label": "c",
      "qualifiedName": "array_data.c",
      "canonicalName": {
        "schema": "array_data",
        "name": "c"
      },
      "statementIds": [
        0
      ]
    },
    {
      "id": "column_b683e029cadda1d4",
      "type": "column",
      "label": "a",
      "qualifiedName": "array_data.a",
      "canonicalName": {
        "schema": "array_data",
        "name": "a"
      },
      "statementIds": [
        0
      ]
    },
    {
      "id": "column_bceb3c4d983131c5",
      "type": "column",
      "label": "col_3",
      "canonicalName": {
        "name": "col_3"
      },
      "statementIds": [
        0
      ],
      "expression": "d[2:3]"
    },
    {
      "id": "column_c4a845893b35a6fa",
      "type": "column",
      "label": "b",
      "qualifiedName": "array_data.b",
      "canonicalName": {
        "schema": "array_data",
        "name": "b"
      },
      "statementIds": [
        0
      ]
    },
    {
      "id": "column_ea9f00345477a676",
      "type": "column",
      "label": "d",
      "qualifiedName": "array_data.d",
      "canonicalName": {
        "schema": "array_data",
        "name": "d"
      },
      "statementIds": [
        0
      ]
    },
    {
      "id": "output_74d22f755ec62dbc",
      "type": "output",
      "label": "Output",
      "canonicalName": {
        "name": "Output"
      },
      "statementIds": [
        0
      ]
    },
    {
      "id": "table_eb6f82b7323d024e",
      "type": "table",
      "label": "array_data",
      "qualifiedName": "array_data",
      "canonicalName": {
        "name": "array_data"
      },
      "statementIds": [
        0
      ],
      "metadata": {
        "occurrenceSourceNames": [
          null
        ],
        "occurrenceSpans": [
          {
            "start": 110,
            "end": 120
          }
        ],
        "occurrenceStatementIds": [
          0
        ]
      }
    }
  ],
  "edges": [
    {
      "id": "edge_16ba963d993199aa",
      "from": "column_95b826196d892dac",
      "to": "column_84c9f50405fdf52c",
      "type": "derivation",
      "expression": "c[2:]",
      "statementIds": [
        0
      ]
    },
    {
      "id": "edge_1d5f16b94e24d605",
      "from": "table_eb6f82b7323d024e",
      "to": "column_c4a845893b35a6fa",
      "type": "ownership",
      "statementIds": [
        0
      ]
    },
    {
      "id": "edge_29829752b6d6e0ac",
      "from": "column_ea9f00345477a676",
      "to": "column_bceb3c4d983131c5",
      "type": "derivation",
      "expression": "d[2:3]",
      "statementIds": [
        0
      ]
    },
    {
      "id": "edge_30772b2aeea20852",
      "from": "table_eb6f82b7323d024e",
      "to": "column_ea9f00345477a676",
      "type": "ownership",
      "statementIds": [
        0
      ]
    },
    {
      "id": "edge_675b380196aa1111",
      "from": "table_eb6f82b7323d024e",
      "to": "column_95b826196d892dac",
      "type": "ownership",
      "statementIds": [
        0
      ]
    },
    {
      "id": "edge_75998b7fa2f4cdb8",
      "from": "column_b683e029cadda1d4",
      "to": "column_7748741d00eb4aa0",
      "type": "derivation",
      "expression": "a[:]",
      "statementIds": [
        0
      ]
    },
    {
      "id": "edge_77f5912a72ad7682",
      "from": "output_74d22f755ec62dbc",
      "to": "column_7748741d00eb4aa0",
      "type": "ownership",
      "statementIds": [
        0
      ]
    },
    {
      "id": "edge_96c8fa1504967783",
      "from": "output_74d22f755ec62dbc",
      "to": "column_84c9f50405fdf52c",
      "type": "ownership",
      "statementIds": [
        0
      ]
    },
    {
      "id": "edge_a4180dafa0264175",
      "from": "table_eb6f82b7323d024e",
      "to": "column_b683e029cadda1d4",
      "type": "ownership",
      "statementIds": [
        0
      ]
    },
    {
      "id": "edge_dd32db879aa8c27f",
      "from": "column_c4a845893b35a6fa",
      "to": "column_6d76c5c7b69b69cb",
      "type": "derivation",
      "expression": "b[:1]",
      "statementIds": [
        0
      ]
    },
    {
      "id": "edge_e27c9aaf491f4767",
      "from": "output_74d22f755ec62dbc",
      "to": "column_bceb3c4d983131c5",
      "type": "ownership",
      "statementIds": [
        0
      ]
    },
    {
      "id": "edge_e92a9bbd8225ff6d",
      "from": "output_74d22f755ec62dbc",
      "to": "column_6d76c5c7b69b69cb",
      "type": "ownership",
      "statementIds": [
        0
      ]
    }
  ],
  "issues": [],
  "summary": {
    "statementCount": 1,
    "tableCount": 1,
    "columnCount": 8,
    "joinCount": 0,
    "complexityScore": 5,
    "issueCount": {
      "errors": 0,
      "warnings": 0,
      "infos": 0
    },
    "hasErrors": false
  }
}
